// Jest Snapshot v1, https://goo.gl/fbAQLP

exports[`Index Routes should successfully rendered 1`] = `
ShallowWrapper {
  "length": 1,
  Symbol(enzyme.__root__): [Circular],
  Symbol(enzyme.__unrendered__): <centerTableRow
    centers={
      Object {
        "amount": "",
        "capacity": "",
        "location": "",
        "name": "",
      }
    }
  />,
  Symbol(enzyme.__renderer__): Object {
    "batchedUpdates": [Function],
    "getNode": [Function],
    "render": [Function],
    "simulateEvent": [Function],
    "unmount": [Function],
  },
  Symbol(enzyme.__node__): Object {
    "instance": null,
    "key": undefined,
    "nodeType": "host",
    "props": Object {
      "centers": Object {
        "amount": "",
        "capacity": "",
        "location": "",
        "name": "",
      },
    },
    "ref": null,
    "rendered": null,
    "type": "centerTableRow",
  },
  Symbol(enzyme.__nodes__): Array [
    Object {
      "instance": null,
      "key": undefined,
      "nodeType": "host",
      "props": Object {
        "centers": Object {
          "amount": "",
          "capacity": "",
          "location": "",
          "name": "",
        },
      },
      "ref": null,
      "rendered": null,
      "type": "centerTableRow",
    },
  ],
  Symbol(enzyme.__options__): Object {
    "adapter": ReactSixteenAdapter {
      "options": Object {
        "enableComponentDidUpdateOnSetState": true,
      },
    },
  },
}
`;
